<?xml version="1.0" encoding="UTF-8"?>
<TestRun id="0924574d-f4f4-46c3-9ebb-a6a1740cf703" name="Fabricio@FABRICIO-XPS15 2012-05-28 00:30:08" runUser="FABRICIO-XPS15\Fabricio" xmlns="http://microsoft.com/schemas/VisualStudio/TeamTest/2010">
  <TestSettings name="Default Test Settings" id="e676bb61-4418-4e7b-92ad-f2f141ce7a0f">
    <Deployment userDeploymentRoot="C:\1-Pessoal\Guitarmonics-OpenSource\trunk\source\MusicXmlImporter\TestResults" useDefaultDeploymentRoot="false" runDeploymentRoot="Fabricio_FABRICIO-XPS15 2012-05-28 00_30_08">
      <DeploymentItem filename="C:\1-Pessoal\Guitarmonics-OpenSource\trunk\source\AudioLib\AudioLib\bin\Debug\Guitarmonics.AudioLib.dll" />
      <DeploymentItem filename="C:\1-Pessoal\Guitarmonics-OpenSource\trunk\source\AudioLib\AudioLib.Tests\bin\Debug\Bass.Net.dll" />
      <DeploymentItem filename="C:\1-Pessoal\Guitarmonics-OpenSource\trunk\bin\NUnit\nunit.framework.dll" />
    </Deployment>
    <Execution>
      <TestTypeSpecific />
      <AgentRule name="Execution Agents">
      </AgentRule>
    </Execution>
  </TestSettings>
  <Times creation="2012-05-28T00:30:08.5385091-03:00" queuing="2012-05-28T00:30:08.6355147-03:00" start="2012-05-28T00:30:08.6535157-03:00" finish="2012-05-28T00:30:09.1415342-03:00" />
  <ResultSummary outcome="Failed">
    <Counters total="1" executed="1" error="0" failed="1" timeout="0" aborted="0" inconclusive="0" passedButRunAborted="0" notRunnable="0" notExecuted="0" disconnected="0" warning="0" passed="0" completed="0" inProgress="0" pending="0" />
  </ResultSummary>
  <TestDefinitions>
    <UnitTest name="ListAllNotesOfOneTrack" storage="c:\1-pessoal\guitarmonics-opensource\trunk\source\audiolib\audiolib.tests\bin\debug\guitarmonics.audiolib.tests.dll" id="5101603e-fcb5-8096-6aaa-f128a45c86be" xmlns="Guitarmonics.AudioLib.Tests.MusicXml">
      <Execution id="74a338a6-29d3-4a37-a516-c67064e9ffa0" xmlns="http://microsoft.com/schemas/VisualStudio/TeamTest/2010" />
      <TestMethod codeBase="C:\1-Pessoal\Guitarmonics-OpenSource\trunk\source\AudioLib\AudioLib.Tests\bin\Debug\Guitarmonics.AudioLib.Tests.dll" adapterTypeName="NUnitForVSTS.NUnitTest.NUnitTestAdapter, NUnitForVSTS.NUnitTest, Version=5.1.0.0, Culture=neutral, PublicKeyToken=null" className="Guitarmonics.AudioLib.Tests.MusicXml.GuitarMusicXmlImporterTest" name="ListAllNotesOfOneTrack" />
    </UnitTest>
  </TestDefinitions>
  <TestLists>
    <TestList name="Results Not in a List" id="8c84fa94-04c1-424b-9868-57a2d4851a1d" />
    <TestList name="All Loaded Results" id="19431567-8539-422a-85d7-44ee4e166bda" />
  </TestLists>
  <TestEntries>
    <TestEntry testId="5101603e-fcb5-8096-6aaa-f128a45c86be" executionId="74a338a6-29d3-4a37-a516-c67064e9ffa0" testListId="8c84fa94-04c1-424b-9868-57a2d4851a1d" />
  </TestEntries>
  <Results>
    <TestResultAggregation executionId="74a338a6-29d3-4a37-a516-c67064e9ffa0" testId="5101603e-fcb5-8096-6aaa-f128a45c86be" testName="ListAllNotesOfOneTrack" computerName="FABRICIO-XPS15" duration="00:00:00.0270000" startTime="2012-05-28T00:30:09.0525306-03:00" endTime="2012-05-28T00:30:09.0795306-03:00" testType="d6af2cae-ad69-4f6b-94e9-14e2609e2389" outcome="Failed" testListId="8c84fa94-04c1-424b-9868-57a2d4851a1d" relativeResultsDirectory="74a338a6-29d3-4a37-a516-c67064e9ffa0">
      <Output>
        <ErrorInfo>
          <Message>  Expected: not null
  But was:  null
</Message>
          <StackTrace>   at NUnit.Framework.Assert.That(Object actual, IResolveConstraint expression, String message, Object[] args)
   at NUnit.Framework.Assert.IsNotNull(Object anObject)
   at Guitarmonics.AudioLib.Tests.MusicXml.GuitarMusicXmlImporterTest.ListAllNotesOfOneTrack() in C:\1-Pessoal\Guitarmonics-OpenSource\trunk\source\AudioLib\AudioLib.Tests\MusicXml\GuitarMusicXmlImporter.Test.cs:line 180</StackTrace>
        </ErrorInfo>
        <TextMessages>
          <Message>  Expected: not null
  But was:  null
</Message>
        </TextMessages>
      </Output>
    </TestResultAggregation>
  </Results>
</TestRun>